python: can't open file 'prettyprint.py': [Errno 2] No such file or directory
